[     536ms] [ERROR] Failed to load resource: the server responded with a status of 404 (Not Found) @ http://localhost:3001/favicon.ico:0
[   57103ms] [VERBOSE] [DOM] Input elements should have autocomplete attributes (suggested: "new-password"): (More info: https://goo.gl/9p2vKq) %o @ http://localhost:3001/:0
[   58451ms] [ERROR] Failed to load resource: the server responded with a status of 500 (Internal Server Error) @ http://localhost:3001/api/v1/internal/auth/verify?phoneNumber=9999888999&otp=426648:0
[   72406ms] [ERROR] Failed to load resource: the server responded with a status of 500 (Internal Server Error) @ http://localhost:3001/api/v1/internal/auth/verify?phoneNumber=9999888999&otp=426648:0
[   82482ms] [ERROR] Failed to load resource: the server responded with a status of 500 (Internal Server Error) @ http://localhost:3001/api/v1/users/profile/name:0
[   82482ms] [ERROR] Failed to save name to backend Error: HTTP 500
    at Mb (http://localhost:3001/assets/index-CU3jsSie.js:347:31902) @ http://localhost:3001/assets/index-CU3jsSie.js:925
[   89923ms] [ERROR] Failed to load resource: the server responded with a status of 404 (Not Found) @ http://localhost:3001/favicon.ico:0
[  100624ms] [ERROR] Failed to load resource: the server responded with a status of 500 (Internal Server Error) @ http://localhost:3001/api/v1/internal/auth/initiate?phoneNumber=9999888999:0
[  112166ms] [VERBOSE] [DOM] Input elements should have autocomplete attributes (suggested: "new-password"): (More info: https://goo.gl/9p2vKq) %o @ http://localhost:3001/:0
[  113242ms] [ERROR] Failed to load resource: the server responded with a status of 500 (Internal Server Error) @ http://localhost:3001/api/v1/internal/auth/verify?phoneNumber=9999888999&otp=971318:0
[10974273ms] [ERROR] Failed to load resource: the server responded with a status of 404 (Not Found) @ http://localhost:3001/favicon.ico:0
[10975671ms] [ERROR] Failed to load resource: the server responded with a status of 503 (Service Unavailable) @ http://localhost:3001/api/v1/restaurants/nearby?lat=12.9716&lng=77.5946&radius=5000:0
[10975672ms] [WARNING] Failed to fetch restaurants @ http://localhost:3001/assets/index-C2UVvcuZ.js:925
[10976028ms] [ERROR] Failed to load resource: the server responded with a status of 503 (Service Unavailable) @ http://localhost:3001/api/v1/customers/37349cd3-bda0-4341-93fd-df1179ca575b/addresses:0
[10976028ms] [WARNING] Failed to fetch addresses @ http://localhost:3001/assets/index-C2UVvcuZ.js:925
[10977278ms] [ERROR] Failed to load resource: the server responded with a status of 400 (Bad Request) @ http://localhost:3001/api/v1/users/profile:0
[10977279ms] [ERROR] Failed to fetch profile Error: HTTP 400
    at gn (http://localhost:3001/assets/index-C2UVvcuZ.js:347:31324) @ http://localhost:3001/assets/index-C2UVvcuZ.js:925
[11001048ms] [ERROR] Failed to load resource: the server responded with a status of 404 (Not Found) @ http://localhost:3001/favicon.ico:0
[11001446ms] [ERROR] Failed to load resource: the server responded with a status of 503 (Service Unavailable) @ http://localhost:3001/api/v1/customers/37349cd3-bda0-4341-93fd-df1179ca575b/addresses:0
[11001446ms] [WARNING] Failed to fetch addresses @ http://localhost:3001/assets/index-C2UVvcuZ.js:925
[11001663ms] [ERROR] Failed to load resource: the server responded with a status of 503 (Service Unavailable) @ http://localhost:3001/api/v1/restaurants/nearby?lat=12.9716&lng=77.5946&radius=5000:0
[11001664ms] [WARNING] Failed to fetch restaurants @ http://localhost:3001/assets/index-C2UVvcuZ.js:925
[11003001ms] [ERROR] Failed to load resource: the server responded with a status of 400 (Bad Request) @ http://localhost:3001/api/v1/users/profile:0
[11003001ms] [ERROR] Failed to fetch profile Error: HTTP 400
    at gn (http://localhost:3001/assets/index-C2UVvcuZ.js:347:31324) @ http://localhost:3001/assets/index-C2UVvcuZ.js:925
[11060602ms] [VERBOSE] [DOM] Input elements should have autocomplete attributes (suggested: "new-password"): (More info: https://goo.gl/9p2vKq) %o @ http://localhost:3001/:0
[11066848ms] [ERROR] Failed to load resource: the server responded with a status of 503 (Service Unavailable) @ http://localhost:3001/api/v1/customers/2f3478f7-6f98-4e9c-9534-fb3cb825e816/addresses:0
[11066849ms] [WARNING] Failed to fetch addresses @ http://localhost:3001/assets/index-C2UVvcuZ.js:925
[11066886ms] [ERROR] Failed to load resource: the server responded with a status of 503 (Service Unavailable) @ http://localhost:3001/api/v1/restaurants/nearby?lat=12.9716&lng=77.5946&radius=5000:0
[11066887ms] [WARNING] Failed to fetch restaurants @ http://localhost:3001/assets/index-C2UVvcuZ.js:925
[11080622ms] [ERROR] Failed to fetch devices SyntaxError: Unexpected token ']', ..."","roles":]}}]}}]}}]"... is not valid JSON @ http://localhost:3001/assets/index-C2UVvcuZ.js:346
[11100993ms] [ERROR] Failed to load resource: the server responded with a status of 404 (Not Found) @ http://localhost:3001/favicon.ico:0
[11144638ms] [VERBOSE] [DOM] Input elements should have autocomplete attributes (suggested: "new-password"): (More info: https://goo.gl/9p2vKq) %o @ http://localhost:3001/:0
[11154119ms] [ERROR] Failed to load resource: the server responded with a status of 503 (Service Unavailable) @ http://localhost:3001/api/v1/restaurants/nearby?lat=12.9716&lng=77.5946&radius=5000:0
[11154120ms] [WARNING] Failed to fetch restaurants @ http://localhost:3001/assets/index-C2UVvcuZ.js:925
[11154157ms] [ERROR] Failed to load resource: the server responded with a status of 503 (Service Unavailable) @ http://localhost:3001/api/v1/customers/2f3478f7-6f98-4e9c-9534-fb3cb825e816/addresses:0
[11154157ms] [WARNING] Failed to fetch addresses @ http://localhost:3001/assets/index-C2UVvcuZ.js:925
