[    8343ms] [ERROR] Failed to load resource: the server responded with a status of 400 (Bad Request) @ http://localhost:3001/api/v1/internal/auth/initiate?phoneNumber=9999888999:0
[ 1047086ms] [VERBOSE] [DOM] Input elements should have autocomplete attributes (suggested: "new-password"): (More info: https://goo.gl/9p2vKq) %o @ http://localhost:3001/:0
[ 1061815ms] [ERROR] Failed to load resource: the server responded with a status of 503 (Service Unavailable) @ http://localhost:3001/api/v1/restaurants/nearby?lat=12.9716&lng=77.5946&radius=5000:0
[ 1061818ms] [WARNING] Failed to fetch restaurants @ http://localhost:3001/assets/index-CuXCmEBp.js:925
[ 1061889ms] [ERROR] Failed to load resource: the server responded with a status of 503 (Service Unavailable) @ http://localhost:3001/api/v1/customers/2f3478f7-6f98-4e9c-9534-fb3cb825e816/addresses:0
[ 1061890ms] [WARNING] Failed to fetch addresses @ http://localhost:3001/assets/index-CuXCmEBp.js:925
[ 2008322ms] [ERROR] Failed to load resource: the server responded with a status of 503 (Service Unavailable) @ http://localhost:3001/api/v1/customers/2f3478f7-6f98-4e9c-9534-fb3cb825e816/addresses:0
[ 2008324ms] [WARNING] Failed to fetch addresses @ http://localhost:3001/assets/index-CAgtILKX.js:925
[ 2008342ms] [ERROR] Failed to load resource: the server responded with a status of 503 (Service Unavailable) @ http://localhost:3001/api/v1/restaurants/nearby?lat=12.9716&lng=77.5946&radius=5000:0
[ 2008343ms] [WARNING] Failed to fetch restaurants @ http://localhost:3001/assets/index-CAgtILKX.js:925
[ 2522131ms] [ERROR] Failed to load resource: the server responded with a status of 503 (Service Unavailable) @ http://localhost:3001/api/v1/restaurants/nearby?lat=12.9716&lng=77.5946&radius=5000:0
[ 2522133ms] [WARNING] Failed to fetch restaurants @ http://localhost:3001/assets/index-CBLrw6_7.js:925
[ 2522135ms] [ERROR] Failed to load resource: the server responded with a status of 503 (Service Unavailable) @ http://localhost:3001/api/v1/customers/2f3478f7-6f98-4e9c-9534-fb3cb825e816/addresses:0
[ 2522136ms] [WARNING] Failed to fetch addresses @ http://localhost:3001/assets/index-CBLrw6_7.js:925
[ 2534001ms] [ERROR] Failed to load resource: the server responded with a status of 500 (Internal Server Error) @ http://localhost:3001/api/v1/internal/auth/devices/bb3461d1-cd44-47a8-895a-c74b3ba2a9df:0
[ 2534001ms] [ERROR] Failed to remove device Error: HTTP 500
    at Fr (http://localhost:3001/assets/index-CBLrw6_7.js:347:31262)
    at async ct (http://localhost:3001/assets/index-CBLrw6_7.js:347:67424) @ http://localhost:3001/assets/index-CBLrw6_7.js:346
[ 2536837ms] [ERROR] Failed to load resource: the server responded with a status of 500 (Internal Server Error) @ http://localhost:3001/api/v1/internal/auth/devices/bb3461d1-cd44-47a8-895a-c74b3ba2a9df:0
[ 2536837ms] [ERROR] Failed to remove device Error: HTTP 500
    at Fr (http://localhost:3001/assets/index-CBLrw6_7.js:347:31262)
    at async ct (http://localhost:3001/assets/index-CBLrw6_7.js:347:67424) @ http://localhost:3001/assets/index-CBLrw6_7.js:346
[ 2537293ms] [ERROR] Failed to load resource: the server responded with a status of 500 (Internal Server Error) @ http://localhost:3001/api/v1/internal/auth/devices/bb3461d1-cd44-47a8-895a-c74b3ba2a9df:0
[ 2537293ms] [ERROR] Failed to remove device Error: HTTP 500
    at Fr (http://localhost:3001/assets/index-CBLrw6_7.js:347:31262)
    at async ct (http://localhost:3001/assets/index-CBLrw6_7.js:347:67424) @ http://localhost:3001/assets/index-CBLrw6_7.js:346
[ 2537729ms] [ERROR] Failed to load resource: the server responded with a status of 500 (Internal Server Error) @ http://localhost:3001/api/v1/internal/auth/devices/bb3461d1-cd44-47a8-895a-c74b3ba2a9df:0
[ 2537730ms] [ERROR] Failed to remove device Error: HTTP 500
    at Fr (http://localhost:3001/assets/index-CBLrw6_7.js:347:31262)
    at async ct (http://localhost:3001/assets/index-CBLrw6_7.js:347:67424) @ http://localhost:3001/assets/index-CBLrw6_7.js:346
[ 2538847ms] [ERROR] Failed to load resource: the server responded with a status of 500 (Internal Server Error) @ http://localhost:3001/api/v1/internal/auth/devices/bb3461d1-cd44-47a8-895a-c74b3ba2a9df:0
[ 2538848ms] [ERROR] Failed to remove device Error: HTTP 500
    at Fr (http://localhost:3001/assets/index-CBLrw6_7.js:347:31262)
    at async ct (http://localhost:3001/assets/index-CBLrw6_7.js:347:67424) @ http://localhost:3001/assets/index-CBLrw6_7.js:346
[ 2580604ms] [ERROR] Failed to load resource: the server responded with a status of 500 (Internal Server Error) @ http://localhost:3001/api/v1/internal/auth/devices/bb3461d1-cd44-47a8-895a-c74b3ba2a9df:0
[ 2580604ms] [ERROR] Failed to remove device Error: HTTP 500
    at Fr (http://localhost:3001/assets/index-CBLrw6_7.js:347:31262)
    at async ct (http://localhost:3001/assets/index-CBLrw6_7.js:347:67424) @ http://localhost:3001/assets/index-CBLrw6_7.js:346
[ 2581377ms] [ERROR] Failed to load resource: the server responded with a status of 500 (Internal Server Error) @ http://localhost:3001/api/v1/internal/auth/devices/bb3461d1-cd44-47a8-895a-c74b3ba2a9df:0
[ 2581377ms] [ERROR] Failed to remove device Error: HTTP 500
    at Fr (http://localhost:3001/assets/index-CBLrw6_7.js:347:31262)
    at async ct (http://localhost:3001/assets/index-CBLrw6_7.js:347:67424) @ http://localhost:3001/assets/index-CBLrw6_7.js:346
[ 2581957ms] [ERROR] Failed to load resource: the server responded with a status of 500 (Internal Server Error) @ http://localhost:3001/api/v1/internal/auth/devices/bb3461d1-cd44-47a8-895a-c74b3ba2a9df:0
[ 2581958ms] [ERROR] Failed to remove device Error: HTTP 500
    at Fr (http://localhost:3001/assets/index-CBLrw6_7.js:347:31262)
    at async ct (http://localhost:3001/assets/index-CBLrw6_7.js:347:67424) @ http://localhost:3001/assets/index-CBLrw6_7.js:346
[ 2582482ms] [ERROR] Failed to load resource: the server responded with a status of 500 (Internal Server Error) @ http://localhost:3001/api/v1/internal/auth/devices/bb3461d1-cd44-47a8-895a-c74b3ba2a9df:0
[ 2582482ms] [ERROR] Failed to remove device Error: HTTP 500
    at Fr (http://localhost:3001/assets/index-CBLrw6_7.js:347:31262)
    at async ct (http://localhost:3001/assets/index-CBLrw6_7.js:347:67424) @ http://localhost:3001/assets/index-CBLrw6_7.js:346
[ 2582973ms] [ERROR] Failed to load resource: the server responded with a status of 500 (Internal Server Error) @ http://localhost:3001/api/v1/internal/auth/devices/bb3461d1-cd44-47a8-895a-c74b3ba2a9df:0
[ 2582974ms] [ERROR] Failed to remove device Error: HTTP 500
    at Fr (http://localhost:3001/assets/index-CBLrw6_7.js:347:31262)
    at async ct (http://localhost:3001/assets/index-CBLrw6_7.js:347:67424) @ http://localhost:3001/assets/index-CBLrw6_7.js:346
[ 2594077ms] [ERROR] Failed to load resource: the server responded with a status of 503 (Service Unavailable) @ http://localhost:3001/api/v1/customers/2f3478f7-6f98-4e9c-9534-fb3cb825e816/addresses:0
[ 2594078ms] [WARNING] Failed to fetch addresses @ http://localhost:3001/assets/index-CBLrw6_7.js:925
[ 2594172ms] [ERROR] Failed to load resource: the server responded with a status of 503 (Service Unavailable) @ http://localhost:3001/api/v1/restaurants/nearby?lat=12.9716&lng=77.5946&radius=5000:0
[ 2594172ms] [WARNING] Failed to fetch restaurants @ http://localhost:3001/assets/index-CBLrw6_7.js:925
[ 2962062ms] [ERROR] Failed to load resource: the server responded with a status of 504 (Gateway Time-out) @ http://localhost:3001/api/v1/users/profile:0
[ 2962063ms] [ERROR] Failed to fetch profile Error: HTTP 504
    at Fr (http://localhost:3001/assets/index-CBLrw6_7.js:347:31262) @ http://localhost:3001/assets/index-CBLrw6_7.js:925
[ 2962353ms] [ERROR] Failed to load resource: the server responded with a status of 504 (Gateway Time-out) @ http://localhost:3001/api/v1/customers/2f3478f7-6f98-4e9c-9534-fb3cb825e816/addresses:0
[ 2962354ms] [WARNING] Failed to fetch addresses @ http://localhost:3001/assets/index-CBLrw6_7.js:925
[ 2962531ms] [ERROR] Failed to load resource: the server responded with a status of 504 (Gateway Time-out) @ http://localhost:3001/api/v1/restaurants/nearby?lat=12.9716&lng=77.5946&radius=5000:0
[ 2962531ms] [WARNING] Failed to fetch restaurants @ http://localhost:3001/assets/index-CBLrw6_7.js:925
[ 2978664ms] [ERROR] Failed to load resource: the server responded with a status of 503 (Service Unavailable) @ http://localhost:3001/api/v1/restaurants/nearby?lat=12.9716&lng=77.5946&radius=5000:0
[ 2978665ms] [WARNING] Failed to fetch restaurants @ http://localhost:3001/assets/index-CBLrw6_7.js:925
[ 2979068ms] [ERROR] Failed to load resource: the server responded with a status of 503 (Service Unavailable) @ http://localhost:3001/api/v1/customers/2f3478f7-6f98-4e9c-9534-fb3cb825e816/addresses:0
[ 2979068ms] [WARNING] Failed to fetch addresses @ http://localhost:3001/assets/index-CBLrw6_7.js:925
[ 3102233ms] [VERBOSE] [DOM] Input elements should have autocomplete attributes (suggested: "new-password"): (More info: https://goo.gl/9p2vKq) %o @ http://localhost:3001/:0
[ 3174083ms] [ERROR] Failed to load resource: the server responded with a status of 503 (Service Unavailable) @ http://localhost:3001/api/v1/restaurants/nearby?lat=12.9716&lng=77.5946&radius=5000:0
[ 3174084ms] [WARNING] Failed to fetch restaurants @ http://localhost:3001/assets/index-CBLrw6_7.js:925
[ 3174178ms] [ERROR] Failed to load resource: the server responded with a status of 503 (Service Unavailable) @ http://localhost:3001/api/v1/customers/2f3478f7-6f98-4e9c-9534-fb3cb825e816/addresses:0
[ 3174178ms] [WARNING] Failed to fetch addresses @ http://localhost:3001/assets/index-CBLrw6_7.js:925
[ 3238441ms] [ERROR] Failed to load resource: the server responded with a status of 500 (Internal Server Error) @ http://localhost:3001/api/v1/internal/auth/devices/83045ac8-a2ac-4b63-85ac-1544026ab7c3:0
[ 3238441ms] [ERROR] Failed to remove device Error: HTTP 500
    at Fr (http://localhost:3001/assets/index-CBLrw6_7.js:347:31262)
    at async ct (http://localhost:3001/assets/index-CBLrw6_7.js:347:67424) @ http://localhost:3001/assets/index-CBLrw6_7.js:346
[ 3254269ms] [ERROR] Failed to load resource: the server responded with a status of 500 (Internal Server Error) @ http://localhost:3001/api/v1/internal/auth/devices/d91efdd8-476c-4629-a9db-2613ad197be6:0
[ 3254270ms] [ERROR] Failed to remove device Error: HTTP 500
    at Fr (http://localhost:3001/assets/index-CBLrw6_7.js:347:31262)
    at async ct (http://localhost:3001/assets/index-CBLrw6_7.js:347:67424) @ http://localhost:3001/assets/index-CBLrw6_7.js:346
[ 3257035ms] [ERROR] Failed to load resource: the server responded with a status of 403 (Forbidden) @ http://localhost:3001/api/v1/customers/2f3478f7-6f98-4e9c-9534-fb3cb825e816/addresses:0
[ 3257036ms] [WARNING] Failed to fetch addresses @ http://localhost:3001/assets/index-CBLrw6_7.js:925
[ 4821940ms] [ERROR] Failed to load resource: the server responded with a status of 404 (Not Found) @ http://localhost:3001/api/v1/customers/2f3478f7-6f98-4e9c-9534-fb3cb825e816/addresses:0
[ 4821941ms] [WARNING] Failed to fetch addresses @ http://localhost:3001/assets/index-Dl1aQkvi.js:925
[ 4821941ms] [ERROR] Failed to load resource: the server responded with a status of 404 (Not Found) @ http://localhost:3001/api/v1/restaurants/nearby?lat=12.9716&lng=77.5946&radius=5000:0
[ 4821942ms] [WARNING] Failed to fetch restaurants @ http://localhost:3001/assets/index-Dl1aQkvi.js:925
[ 4821942ms] [ERROR] Failed to load resource: the server responded with a status of 404 (Not Found) @ http://localhost:3001/api/v1/users/profile:0
[ 4821942ms] [ERROR] Failed to fetch profile Error: HTTP 404
    at Xm (http://localhost:3001/assets/index-Dl1aQkvi.js:347:31189)
    at Fr (http://localhost:3001/assets/index-Dl1aQkvi.js:347:31369) @ http://localhost:3001/assets/index-Dl1aQkvi.js:925
[ 4827590ms] [ERROR] Failed to load resource: the server responded with a status of 404 (Not Found) @ http://localhost:3001/api/v1/internal/auth/devices:0
[ 4827591ms] [ERROR] Failed to fetch devices Error: HTTP 404
    at Xm (http://localhost:3001/assets/index-Dl1aQkvi.js:347:31189)
    at Fr (http://localhost:3001/assets/index-Dl1aQkvi.js:347:31369) @ http://localhost:3001/assets/index-Dl1aQkvi.js:346
[ 5039696ms] [ERROR] Failed to load resource: the server responded with a status of 404 (Not Found) @ http://localhost:3001/api/v1/internal/auth/initiate?phoneNumber=9999888999:0
[ 5251499ms] [ERROR] Failed to load resource: the server responded with a status of 404 (Not Found) @ http://localhost:3001/api/v1/internal/auth/initiate?phoneNumber=9999888999:0
[ 5255041ms] [ERROR] Failed to load resource: the server responded with a status of 404 (Not Found) @ http://localhost:3001/api/v1/internal/auth/initiate?phoneNumber=9999888999:0
[ 7648558ms] [VERBOSE] [DOM] Input elements should have autocomplete attributes (suggested: "new-password"): (More info: https://goo.gl/9p2vKq) %o @ http://localhost:3001/:0
[ 7690013ms] [ERROR] Error: Source layer "3d_model" does not exist on source "vectordata" as specified by style layer "3d_model_data".
    at ra._validateLayer (http://localhost:3001/assets/index-Dl1aQkvi.js:348:358858)
    at ra.<anonymous> (http://localhost:3001/assets/index-Dl1aQkvi.js:348:355570)
    at ra.fire (http://localhost:3001/assets/index-Dl1aQkvi.js:347:86342)
    at _s.fire (http://localhost:3001/assets/index-Dl1aQkvi.js:347:86646)
    at Wt.fire (http://localhost:3001/assets/index-Dl1aQkvi.js:347:86646)
    at http://localhost:3001/assets/index-Dl1aQkvi.js:348:274295
    at h (http://localhost:3001/assets/index-Dl1aQkvi.js:348:271406)
    at http://localhost:3001/assets/index-Dl1aQkvi.js:347:83748 @ http://localhost:3001/assets/index-Dl1aQkvi.js:346
[ 7694127ms] [ERROR] Geolocation error: GeolocationPositionError @ http://localhost:3001/assets/index-Dl1aQkvi.js:925
[ 7727495ms] [WARNING] Image "pedestrian_polygon" could not be loaded. Please make sure you have added the image with map.addImage() or a "sprite" property in your style. You can provide missing images by listening for the "styleimagemissing" map event. @ http://localhost:3001/assets/index-Dl1aQkvi.js:346
[ 7728465ms] [WARNING] Image "ola-mobility-fastcharger" could not be loaded. Please make sure you have added the image with map.addImage() or a "sprite" property in your style. You can provide missing images by listening for the "styleimagemissing" map event. @ http://localhost:3001/assets/index-Dl1aQkvi.js:346
[ 7728466ms] [WARNING] Image "ola-mbo" could not be loaded. Please make sure you have added the image with map.addImage() or a "sprite" property in your style. You can provide missing images by listening for the "styleimagemissing" map event. @ http://localhost:3001/assets/index-Dl1aQkvi.js:346
[ 7731366ms] [WARNING] Expected value to be of type number, but found null instead. @ blob:http://localhost:3001/e1b08bce-b33e-4951-ab22-9fcac21d69aa:0
[ 7768106ms] [ERROR] Failed to load resource: the server responded with a status of 500 (Internal Server Error) @ http://localhost:3001/api/v1/internal/auth/devices/d91efdd8-476c-4629-a9db-2613ad197be6:0
[ 7768107ms] [ERROR] Failed to remove device Error: HTTP 500
    at Xm (http://localhost:3001/assets/index-Dl1aQkvi.js:347:31189)
    at Fr (http://localhost:3001/assets/index-Dl1aQkvi.js:347:31369)
    at async ct (http://localhost:3001/assets/index-Dl1aQkvi.js:347:67401) @ http://localhost:3001/assets/index-Dl1aQkvi.js:346
